-- Populating madronabundledtoolchain
-- Configuring done
-- Generating done
-- Build files have been written to: /home/zhangran/work/madrona2/madrona_escape_room/external/madrona/external/madrona-toolchain/cmake-tmp/madronabundledtoolchain-subbuild
[100%] Built target madronabundledtoolchain-populate
-- Populating madronaprecompileddeps
-- Configuring done
-- Generating done
-- Build files have been written to: /home/zhangran/work/madrona2/madrona_escape_room/external/madrona/external/madrona-deps/cmake-tmp/madronaprecompileddeps-subbuild
[100%] Built target madronaprecompileddeps-populate
-- Tests are disabled. Set FASTFLOAT_TEST to ON to run tests.
-- Adding -Og to compile flag
-- Configuring done
-- Generating done
-- Build files have been written to: /home/zhangran/work/madrona2/madrona_escape_room/build
[  1%] Built target madrona_vk_loader
[  1%] Built target madrona_embree_lib
[  2%] Built target generate_vk_dispatch
[  3%] Built target madrona_libdxc_shlib
Consolidate compiler generated dependencies of target spv_reflect
Consolidate compiler generated dependencies of target madrona_err
Consolidate compiler generated dependencies of target madrona_std_mem
Consolidate compiler generated dependencies of target meshoptimizer
Consolidate compiler generated dependencies of target madrona_mem
Consolidate compiler generated dependencies of target simdjson
[ 16%] Built target meshoptimizer
[ 18%] Built target spv_reflect
[ 20%] Built target madrona_err
Consolidate compiler generated dependencies of target nanobind-static
[ 21%] Built target madrona_std_mem
[ 24%] Built target simdjson
[ 26%] Built target madrona_mem
Consolidate compiler generated dependencies of target madrona_cuda
[ 28%] Built target madrona_cuda
[ 37%] Built target nanobind-static
Consolidate compiler generated dependencies of target madrona_python_utils
Consolidate compiler generated dependencies of target madrona_common
Consolidate compiler generated dependencies of target madrona_python_bindings
[ 39%] Built target madrona_python_utils
[ 46%] Built target madrona_common
[ 46%] Built target madrona_python_bindings
Consolidate compiler generated dependencies of target madrona_physics_assets
Consolidate compiler generated dependencies of target madrona_render_shader_compiler
Consolidate compiler generated dependencies of target madrona_bvh_builder
Consolidate compiler generated dependencies of target madrona_json
Consolidate compiler generated dependencies of target madrona_mw_core
Consolidate compiler generated dependencies of target madrona_render_vk
[ 47%] Built target madrona_json
[ 49%] Built target madrona_bvh_builder
[ 53%] Built target madrona_mw_core
[ 56%] Built target madrona_render_shader_compiler
[ 58%] Built target madrona_physics_assets
[ 64%] Built target madrona_render_vk
Consolidate compiler generated dependencies of target madrona_render_asset_processor
Consolidate compiler generated dependencies of target madrona_importer
Consolidate compiler generated dependencies of target madrona_rendering_system
Consolidate compiler generated dependencies of target madrona_mw_cpu
Consolidate compiler generated dependencies of target madrona_physics_loader
Consolidate compiler generated dependencies of target madrona_render_vk_cuda
Consolidate compiler generated dependencies of target madrona_mw_gpu
[ 67%] Built target madrona_rendering_system
[ 72%] Built target madrona_importer
[ 74%] Built target madrona_render_asset_processor
Consolidate compiler generated dependencies of target madrona_mw_physics
[ 75%] Built target madrona_physics_loader
[ 78%] Built target madrona_mw_cpu
[ 81%] Built target madrona_mw_gpu
[ 82%] Built target madrona_render_vk_cuda
[ 89%] Built target madrona_mw_physics
Consolidate compiler generated dependencies of target madrona_render_core
Consolidate compiler generated dependencies of target mad_escape_cpu_impl
[ 92%] Built target madrona_render_core
[ 94%] Built target mad_escape_cpu_impl
Consolidate compiler generated dependencies of target madrona_render
[ 95%] Built target madrona_render
Consolidate compiler generated dependencies of target mad_escape_mgr
[ 96%] Built target mad_escape_mgr
Consolidate compiler generated dependencies of target madrona_escape_room
Consolidate compiler generated dependencies of target headless
[ 97%] Built target madrona_escape_room
[100%] Built target headless
gpu id id: 3
Fattree K: 4
CC Method: 1

------------------------------------------------------------ 1 -th frame 1000 -- 2000 ------------------------------------------------------------


------------------------------------------------------------ 2 -th frame 2000 -- 3000 ------------------------------------------------------------


------------------------------------------------------------ 3 -th frame 3000 -- 4000 ------------------------------------------------------------


------------------------------------------------------------ 4 -th frame 4000 -- 5000 ------------------------------------------------------------


------------------------------------------------------------ 5 -th frame 5000 -- 6000 ------------------------------------------------------------


------------------------------------------------------------ 6 -th frame 6000 -- 7000 ------------------------------------------------------------


------------------------------------------------------------ 7 -th frame 7000 -- 8000 ------------------------------------------------------------


------------------------------------------------------------ 8 -th frame 8000 -- 9000 ------------------------------------------------------------


------------------------------------------------------------ 9 -th frame 9000 -- 10000 ------------------------------------------------------------


------------------------------------------------------------ 10 -th frame 10000 -- 11000 ------------------------------------------------------------


------------------------------------------------------------ 11 -th frame 11000 -- 12000 ------------------------------------------------------------


------------------------------------------------------------ 12 -th frame 12000 -- 13000 ------------------------------------------------------------


------------------------------------------------------------ 13 -th frame 13000 -- 14000 ------------------------------------------------------------


------------------------------------------------------------ 14 -th frame 14000 -- 15000 ------------------------------------------------------------


------------------------------------------------------------ 15 -th frame 15000 -- 16000 ------------------------------------------------------------


------------------------------------------------------------ 16 -th frame 16000 -- 17000 ------------------------------------------------------------


------------------------------------------------------------ 17 -th frame 17000 -- 18000 ------------------------------------------------------------


------------------------------------------------------------ 18 -th frame 18000 -- 19000 ------------------------------------------------------------


------------------------------------------------------------ 19 -th frame 19000 -- 20000 ------------------------------------------------------------


------------------------------------------------------------ 20 -th frame 20000 -- 21000 ------------------------------------------------------------


------------------------------------------------------------ 21 -th frame 21000 -- 22000 ------------------------------------------------------------


------------------------------------------------------------ 22 -th frame 22000 -- 23000 ------------------------------------------------------------


------------------------------------------------------------ 23 -th frame 23000 -- 24000 ------------------------------------------------------------


------------------------------------------------------------ 24 -th frame 24000 -- 25000 ------------------------------------------------------------


------------------------------------------------------------ 25 -th frame 25000 -- 26000 ------------------------------------------------------------


------------------------------------------------------------ 26 -th frame 26000 -- 27000 ------------------------------------------------------------


------------------------------------------------------------ 27 -th frame 27000 -- 28000 ------------------------------------------------------------


------------------------------------------------------------ 28 -th frame 28000 -- 29000 ------------------------------------------------------------


------------------------------------------------------------ 29 -th frame 29000 -- 30000 ------------------------------------------------------------


------------------------------------------------------------ 30 -th frame 30000 -- 31000 ------------------------------------------------------------


------------------------------------------------------------ 31 -th frame 31000 -- 32000 ------------------------------------------------------------


------------------------------------------------------------ 32 -th frame 32000 -- 33000 ------------------------------------------------------------


------------------------------------------------------------ 33 -th frame 33000 -- 34000 ------------------------------------------------------------


------------------------------------------------------------ 34 -th frame 34000 -- 35000 ------------------------------------------------------------


------------------------------------------------------------ 35 -th frame 35000 -- 36000 ------------------------------------------------------------


------------------------------------------------------------ 36 -th frame 36000 -- 37000 ------------------------------------------------------------


------------------------------------------------------------ 37 -th frame 37000 -- 38000 ------------------------------------------------------------


------------------------------------------------------------ 38 -th frame 38000 -- 39000 ------------------------------------------------------------


------------------------------------------------------------ 39 -th frame 39000 -- 40000 ------------------------------------------------------------


------------------------------------------------------------ 40 -th frame 40000 -- 41000 ------------------------------------------------------------


------------------------------------------------------------ 41 -th frame 41000 -- 42000 ------------------------------------------------------------


------------------------------------------------------------ 42 -th frame 42000 -- 43000 ------------------------------------------------------------


------------------------------------------------------------ 43 -th frame 43000 -- 44000 ------------------------------------------------------------


------------------------------------------------------------ 44 -th frame 44000 -- 45000 ------------------------------------------------------------


------------------------------------------------------------ 45 -th frame 45000 -- 46000 ------------------------------------------------------------


------------------------------------------------------------ 46 -th frame 46000 -- 47000 ------------------------------------------------------------


------------------------------------------------------------ 47 -th frame 47000 -- 48000 ------------------------------------------------------------


------------------------------------------------------------ 48 -th frame 48000 -- 49000 ------------------------------------------------------------


------------------------------------------------------------ 49 -th frame 49000 -- 50000 ------------------------------------------------------------


------------------------------------------------------------ 50 -th frame 50000 -- 51000 ------------------------------------------------------------


------------------------------------------------------------ 51 -th frame 51000 -- 52000 ------------------------------------------------------------


------------------------------------------------------------ 52 -th frame 52000 -- 53000 ------------------------------------------------------------


------------------------------------------------------------ 53 -th frame 53000 -- 54000 ------------------------------------------------------------


------------------------------------------------------------ 54 -th frame 54000 -- 55000 ------------------------------------------------------------


------------------------------------------------------------ 55 -th frame 55000 -- 56000 ------------------------------------------------------------


------------------------------------------------------------ 56 -th frame 56000 -- 57000 ------------------------------------------------------------


------------------------------------------------------------ 57 -th frame 57000 -- 58000 ------------------------------------------------------------


------------------------------------------------------------ 58 -th frame 58000 -- 59000 ------------------------------------------------------------


------------------------------------------------------------ 59 -th frame 59000 -- 60000 ------------------------------------------------------------


------------------------------------------------------------ 60 -th frame 60000 -- 61000 ------------------------------------------------------------


------------------------------------------------------------ 61 -th frame 61000 -- 62000 ------------------------------------------------------------


------------------------------------------------------------ 62 -th frame 62000 -- 63000 ------------------------------------------------------------


------------------------------------------------------------ 63 -th frame 63000 -- 64000 ------------------------------------------------------------


------------------------------------------------------------ 64 -th frame 64000 -- 65000 ------------------------------------------------------------


------------------------------------------------------------ 65 -th frame 65000 -- 66000 ------------------------------------------------------------


------------------------------------------------------------ 66 -th frame 66000 -- 67000 ------------------------------------------------------------


------------------------------------------------------------ 67 -th frame 67000 -- 68000 ------------------------------------------------------------


------------------------------------------------------------ 68 -th frame 68000 -- 69000 ------------------------------------------------------------


------------------------------------------------------------ 69 -th frame 69000 -- 70000 ------------------------------------------------------------


------------------------------------------------------------ 70 -th frame 70000 -- 71000 ------------------------------------------------------------


------------------------------------------------------------ 71 -th frame 71000 -- 72000 ------------------------------------------------------------


------------------------------------------------------------ 72 -th frame 72000 -- 73000 ------------------------------------------------------------


------------------------------------------------------------ 73 -th frame 73000 -- 74000 ------------------------------------------------------------


------------------------------------------------------------ 74 -th frame 74000 -- 75000 ------------------------------------------------------------


------------------------------------------------------------ 75 -th frame 75000 -- 76000 ------------------------------------------------------------


------------------------------------------------------------ 76 -th frame 76000 -- 77000 ------------------------------------------------------------


------------------------------------------------------------ 77 -th frame 77000 -- 78000 ------------------------------------------------------------


------------------------------------------------------------ 78 -th frame 78000 -- 79000 ------------------------------------------------------------


------------------------------------------------------------ 79 -th frame 79000 -- 80000 ------------------------------------------------------------


------------------------------------------------------------ 80 -th frame 80000 -- 81000 ------------------------------------------------------------


------------------------------------------------------------ 81 -th frame 81000 -- 82000 ------------------------------------------------------------


------------------------------------------------------------ 82 -th frame 82000 -- 83000 ------------------------------------------------------------


------------------------------------------------------------ 83 -th frame 83000 -- 84000 ------------------------------------------------------------


------------------------------------------------------------ 84 -th frame 84000 -- 85000 ------------------------------------------------------------


------------------------------------------------------------ 85 -th frame 85000 -- 86000 ------------------------------------------------------------


------------------------------------------------------------ 86 -th frame 86000 -- 87000 ------------------------------------------------------------


------------------------------------------------------------ 87 -th frame 87000 -- 88000 ------------------------------------------------------------


------------------------------------------------------------ 88 -th frame 88000 -- 89000 ------------------------------------------------------------


------------------------------------------------------------ 89 -th frame 89000 -- 90000 ------------------------------------------------------------


------------------------------------------------------------ 90 -th frame 90000 -- 91000 ------------------------------------------------------------


------------------------------------------------------------ 91 -th frame 91000 -- 92000 ------------------------------------------------------------


------------------------------------------------------------ 92 -th frame 92000 -- 93000 ------------------------------------------------------------


------------------------------------------------------------ 93 -th frame 93000 -- 94000 ------------------------------------------------------------


------------------------------------------------------------ 94 -th frame 94000 -- 95000 ------------------------------------------------------------


------------------------------------------------------------ 95 -th frame 95000 -- 96000 ------------------------------------------------------------


------------------------------------------------------------ 96 -th frame 96000 -- 97000 ------------------------------------------------------------


------------------------------------------------------------ 97 -th frame 97000 -- 98000 ------------------------------------------------------------


------------------------------------------------------------ 98 -th frame 98000 -- 99000 ------------------------------------------------------------


------------------------------------------------------------ 99 -th frame 99000 -- 100000 ------------------------------------------------------------


------------------------------------------------------------ 100 -th frame 100000 -- 101000 ------------------------------------------------------------

time:  1.7053799629211426
run.sh: line 13: 63600 Segmentation fault      (core dumped) python scripts/train.py --num-worlds $num_env --num-updates $num_updates --ckpt-dir build/ckpts --gpu_id $gpu_id --fattree_K $fattree_K --cc_method $cc_method
